// Jest Snapshot v1, https://goo.gl/fbAQLP

exports[`Scroll matches the snapshot 1`] = `
ShallowWrapper {
  "length": 1,
  Symbol(enzyme.__root__): [Circular],
  Symbol(enzyme.__unrendered__): <Scroll
    orientation="both"
    tag="div"
    type="shadowScroll"
  >
    <div>
      Some child content
    </div>
  </Scroll>,
  Symbol(enzyme.__renderer__): Object {
    "batchedUpdates": [Function],
    "getNode": [Function],
    "render": [Function],
    "simulateEvent": [Function],
    "unmount": [Function],
  },
  Symbol(enzyme.__node__): Object {
    "instance": null,
    "key": undefined,
    "nodeType": "host",
    "props": Object {
      "children": <div>
        Some child content
      </div>,
      "className": "scroll--shipComponentsScroll",
      "orientation": "both",
      "type": "shadowScroll",
    },
    "ref": null,
    "rendered": Object {
      "instance": null,
      "key": undefined,
      "nodeType": "host",
      "props": Object {
        "children": "Some child content",
      },
      "ref": null,
      "rendered": "Some child content",
      "type": "div",
    },
    "type": "div",
  },
  Symbol(enzyme.__nodes__): Array [
    Object {
      "instance": null,
      "key": undefined,
      "nodeType": "host",
      "props": Object {
        "children": <div>
          Some child content
        </div>,
        "className": "scroll--shipComponentsScroll",
        "orientation": "both",
        "type": "shadowScroll",
      },
      "ref": null,
      "rendered": Object {
        "instance": null,
        "key": undefined,
        "nodeType": "host",
        "props": Object {
          "children": "Some child content",
        },
        "ref": null,
        "rendered": "Some child content",
        "type": "div",
      },
      "type": "div",
    },
  ],
  Symbol(enzyme.__options__): Object {
    "adapter": ReactFifteenAdapter {
      "options": Object {
        "supportPrevContextArgumentOfComponentDidUpdate": true,
      },
    },
  },
}
`;
